+++ readlink -f /docker-entrypoint.sh
++ dirname /docker-entrypoint.sh
+ INSTALLED_DIRECTORY=/
+ FACTORIO_VOL=/factorio
+ LOAD_LATEST_SAVE=false
+ GENERATE_NEW_SAVE=false
+ PRESET=
+ SAVE_NAME=calib-12345
+ BIND=
+ CONSOLE_LOG_LOCATION=
+ mkdir -p /factorio
+ mkdir -p /factorio/saves
+ mkdir -p /factorio/config
+ mkdir -p /factorio/mods
+ mkdir -p /factorio/scenarios
+ mkdir -p /factorio/script-output
+ [[ ! -f /factorio/config/rconpw ]]
+ [[ ! -f /factorio/config/server-settings.json ]]
+ [[ ! -f /factorio/config/map-gen-settings.json ]]
+ cp /opt/factorio/data/map-gen-settings.example.json /factorio/config/map-gen-settings.json
+ [[ ! -f /factorio/config/map-settings.json ]]
+ cp /opt/factorio/data/map-settings.example.json /factorio/config/map-settings.json
++ find -L /factorio/saves -iname '*.tmp.zip' -mindepth 1
++ wc -l
+ NRTMPSAVES=0
+ [[ 0 -gt 0 ]]
+ [[ '' == \t\r\u\e ]]
+ //docker-dlc.sh
Enable mod elevated-rails for DLC
Enable mod quality for DLC
Enable mod space-age for DLC
+ EXEC=
++ id -u
+ [[ 0 == 0 ]]
+ usermod -o -u 845 factorio
usermod: no changes
+ groupmod -o -g 845 factorio
+ chown -R factorio:factorio /factorio
+ EXEC='runuser -u factorio -g factorio --'
+ source //setup-exec.sh
++ [[ -z runuser -u factorio -g factorio -- ]]
++ [[ -f /bin/box64 ]]
++ EXEC='runuser -u factorio -g factorio -- /bin/box64'
++ export EXEC
+ sed -i '/write-data=/c\write-data=\/factorio/' /opt/factorio/config/config.ini
++ find -L /factorio/saves -iname '*.zip' -mindepth 1
++ wc -l
+ NRSAVES=1
+ [[ false != true ]]
+ [[ 1 == 0 ]]
+ [[ false == true ]]
+ FLAGS=(--port "$PORT" --server-settings "$CONFIG/server-settings.json" --server-banlist "$CONFIG/server-banlist.json" --rcon-port "$RCON_PORT" --server-whitelist "$CONFIG/server-whitelist.json" --use-server-whitelist --server-adminlist "$CONFIG/server-adminlist.json" --rcon-password "$(cat "$CONFIG/rconpw")" --server-id /factorio/config/server-id.json --mod-directory "$MODS")
++ cat /factorio/config/rconpw
+ '[' -n '' ']'
+ '[' -n '' ']'
+ [[ false == true ]]
+ FLAGS+=(--start-server "$SAVE_NAME")
+ exec runuser -u factorio -g factorio -- /bin/box64 /opt/factorio/bin/x64/factorio --port 34197 --server-settings /factorio/config/server-settings.json --server-banlist /factorio/config/server-banlist.json --rcon-port 27015 --server-whitelist /factorio/config/server-whitelist.json --use-server-whitelist --server-adminlist /factorio/config/server-adminlist.json --rcon-password calib --server-id /factorio/config/server-id.json --mod-directory /factorio/mods --start-server calib-12345
   0.000 2026-07-20 09:54:59; Factorio 2.0.77 (build 84539, linux64, headless, space-age)
   0.000 Operating system: Linux
   0.001 Program arguments: "/opt/factorio/bin/x64/factorio" "--port" "34197" "--server-settings" "/factorio/config/server-settings.json" "--server-banlist" "/factorio/config/server-banlist.json" "--rcon-port" "27015" "--server-whitelist" "/factorio/config/server-whitelist.json" "--use-server-whitelist" "--server-adminlist" "/factorio/config/server-adminlist.json" "--rcon-password" <private> "--server-id" "/factorio/config/server-id.json" "--mod-directory" "/factorio/mods" "--start-server" "calib-12345" 
   0.001 Config path: /opt/factorio/config/config.ini
   0.001 Read data path: /opt/factorio/data
   0.001 Write data path: /factorio [746912/774941MB]
   0.001 Binaries path: /opt/factorio/bin
   0.023 System info: [CPU:                             Box64 on - @1000 MHz, 10 cores, RAM: 16029 MB]
   0.023 Environment: DISPLAY=<unset> WAYLAND_DISPLAY=<unset> DESKTOP_SESSION=<unset> XDG_SESSION_DESKTOP=<unset> XDG_CURRENT_DESKTOP=<unset> SDL_VIDEODRIVER=<unset> __GL_FSAA_MODE=<unset> __GL_LOG_MAX_ANISO=<unset> __GL_SYNC_TO_VBLANK=<unset> __GL_SORT_FBCONFIGS=<unset> __GL_YIELD=<unset>
   0.026 Running in headless mode
   0.026 Audio is disabled
   0.031 Info ModManager.cpp:449: FeatureFlag expansion-shaders = true
   0.032 Info ModManager.cpp:449: FeatureFlag freezing = true
   0.032 Info ModManager.cpp:449: FeatureFlag quality = true
   0.032 Info ModManager.cpp:449: FeatureFlag rail-bridges = true
   0.032 Info ModManager.cpp:449: FeatureFlag segmented-units = true
   0.032 Info ModManager.cpp:449: FeatureFlag space-travel = true
   0.032 Info ModManager.cpp:449: FeatureFlag spoiling = true
   0.050 Loading mod core 0.0.0 (data.lua)
   0.067 Loading mod base 2.0.77 (data.lua)
   0.240 Loading mod elevated-rails 2.0.77 (data.lua)
   0.270 Loading mod quality 2.0.77 (data.lua)
   0.288 Loading mod space-age 2.0.77 (data.lua)
   0.594 Loading mod base 2.0.77 (data-updates.lua)
   0.613 Loading mod quality 2.0.77 (data-updates.lua)
   0.640 Loading mod space-age 2.0.77 (data-updates.lua)
   0.767 Checksum for core: 4187927925
   0.767 Checksum of base: 1879415942
   0.767 Checksum of elevated-rails: 70351106
   0.767 Checksum of ore-counter: 0
   0.767 Checksum of quality: 1142589254
   0.767 Checksum of space-age: 1510664043
   1.627 Prototype list checksum: 3295867752
   1.705 Info PlayerData.cpp:66: Local player-data.json unavailable
   1.705 Info PlayerData.cpp:71: Cloud player-data.json unavailable
   1.907 Factorio initialised
   1.909 Warning FileUtil.cpp:563: calib-12345 not found; using /factorio/saves/calib-12345.zip
   1.911 Info ServerSynchronizer.cpp:22: nextHeartbeatSequenceNumber(0) initialized Synchronizer nextTickClosureTick(0).
   1.911 Info ServerMultiplayerManager.cpp:808: updateTick(18446744073709551615) changing state from(Ready) to(PreparedToHostGame)
   1.911 Info ServerMultiplayerManager.cpp:808: updateTick(18446744073709551615) changing state from(PreparedToHostGame) to(CreatingGame)
   1.913 Loading map /factorio/saves/calib-12345.zip: 823821 bytes.
   1.935 Loading level.dat: 965939 bytes.
   1.935 Info Scenario.cpp:154: Map version 2.0.77-0
   2.017 Blueprint storage "blueprint-storage-2.dat" was not found, trying to load previous version storage "blueprint-storage.dat"
   2.025 Loading script.dat: 1211 bytes.
   2.032 Checksum for script __level__/control.lua: 2722821277
   2.034 Checksum for script __ore-counter__/control.lua: 761149751
   2.050 Info UDPSocket.cpp:38: Opening socket at (IP ADDR:({0.0.0.0:34197}))
   2.050 Hosting game at IP ADDR:({0.0.0.0:34197})
   2.051 Info ServerMultiplayerManager.cpp:808: updateTick(0) changing state from(CreatingGame) to(InGame)
   2.052 Error InterruptibleStdioStream.cpp:55: Got EOF on stdin; closing
   2.052 Info RemoteCommandProcessor.cpp:126: Starting RCON interface at IP ADDR:({0.0.0.0:27015})
   4.096 Script @__ore-counter__/control.lua:35: ORE_COUNT_DONE: {"seed":12345,"radius":500,"total_tiles":1000000,"water_tiles":1398,"land_tiles":998602,"resources":{"stone":{"total":379775,"patches":359},"copper-ore":{"total":323121,"patches":425},"iron-ore":{"total":378252,"patches":790},"coal":{"total":297835,"patches":353},"crude-oil":{"total":580973,"patches":2}}}

Session terminated, killing shell...   5.666 Received SIGTERM, shutting down
   5.666 Quitting: signal.
   5.666 Info MainLoop.cpp:437: Saving map as /factorio/saves/calib-12345.zip
   5.703 Info MainLoop.cpp:448: Saving progress: 0.250000%
   5.711 Info MainLoop.cpp:448: Saving progress: 100.000000%
   5.733 Info ServerMultiplayerManager.cpp:119: Disconnecting multiplayer connection.
   5.733 Info ServerMultiplayerManager.cpp:808: updateTick(216) changing state from(InGame) to(DisconnectingScheduled)
   5.767 Info ServerMultiplayerManager.cpp:808: updateTick(216) changing state from(DisconnectingScheduled) to(Disconnecting)
   5.803 Info ServerMultiplayerManager.cpp:808: updateTick(216) changing state from(Disconnecting) to(Disconnected)
   5.803 Info ServerMultiplayerManager.cpp:146: Quitting multiplayer connection.
   5.804 Info ServerMultiplayerManager.cpp:808: updateTick(216) changing state from(Disconnected) to(Closed)
   5.804 Info ServerMultiplayerManager.cpp:166: Deleting active scenario (global = true).
   5.909 Info UDPSocket.cpp:238: Closing socket
   5.909 Info UDPSocket.cpp:268: Socket closed
   6.000 Goodbye
   0.000 Error CrashHandler.cpp:641: Received SIGSEGV
   0.000 Error Util.cpp:95: Unexpected error occurred. If you're running the latest version of the game you can help us solve the problem by posting the contents of the log file on the Factorio forums.
Please also include the save file(s), any mods you may be using, and any steps you know of to reproduce the crash.
 ...killed.
